Enter First Mark:Enter Second Mark:C
Enter First Mark:Enter Second Mark:B
Enter First Mark:Enter Second Mark:C
Enter First Mark:Enter Second Mark:A
Enter First Mark:Enter Second Mark:D
Enter First Mark:Enter Second Mark:C
Enter First Mark:Enter Second Mark:D
Enter First Mark:Enter Second Mark:D
Enter First Mark:Enter Second Mark:B
Enter First Mark:Enter Second Mark:C
Enter First Mark:Enter Second Mark:B
Enter First Mark: