Do you want to continue?:Do you want to continue?:Do you want to continue?:1
2
3
4
5
